venv\Scripts\python.exe : 
Creating test database for alias 
'default'...
At line:1 char:1
+ venv\Scripts\python.exe 
manage.py test accounts drive 
--failfast > te ...
+ ~~~~~~~~~~~~~~~~~~~~~~~~~~~~~~~
~~~~~~~~~~~~~~~~~~~~~~~~~~~~~~~~~
~~~~~
    + CategoryInfo          : No 
   tSpecified: (Creating test d  
  ...as 'default'...:String) [   
 ], RemoteException
    + FullyQualifiedErrorId : Na 
   tiveCommandError
 

Found 34 test(s).
System check identified some 
issues:

WARNINGS:
?: settings.ACCOUNT_AUTHENTICATIO
N_METHOD is deprecated, use: 
settings.ACCOUNT_LOGIN_METHODS = 
{'email', 'username'}
?: 
settings.ACCOUNT_EMAIL_REQUIRED 
is deprecated, use: 
settings.ACCOUNT_SIGNUP_FIELDS = 
['email*', 'username*', 
'password1*', 'password2*']
?: settings.ACCOUNT_USERNAME_REQU
IRED is deprecated, use: 
settings.ACCOUNT_SIGNUP_FIELDS = 
['email*', 'username*', 
'password1*', 'password2*']

System check identified 3 issues 
(0 silenced).
E
=================================
=================================
====
ERROR: test_legacy_password_login
_bootstraps_data_passphrase (acco
unts.tests.AccountPolicyTests.tes
t_legacy_password_login_bootstrap
s_data_passphrase)
---------------------------------
---------------------------------
----
Traceback (most recent call 
last):
  File "C:\Projects\Blind Bit\Bli
nd-Bit\accounts\tests.py", line 
211, in test_legacy_password_logi
n_bootstraps_data_passphrase
    response = self.client.post(r
everse('login'), {
        'username': 'legacy',
        'password': 
'StrongPassword123'
    })
  File "C:\Projects\Blind Bit\Bli
nd-Bit\venv\Lib\site-packages\dja
ngo\test\client.py", line 1158, 
in post
    response = super().post(
        path,
    ...<5 lines>...
        **extra,
    )
  File "C:\Projects\Blind Bit\Bli
nd-Bit\venv\Lib\site-packages\dja
ngo\test\client.py", line 503, 
in post
    return self.generic(
           ~~~~~~~~~~~~^
        "POST",
        ^^^^^^^
    ...<6 lines>...
        **extra,
        ^^^^^^^^
    )
    ^
  File "C:\Projects\Blind Bit\Bli
nd-Bit\venv\Lib\site-packages\dja
ngo\test\client.py", line 676, 
in generic
    return self.request(**r)
           ~~~~~~~~~~~~^^^^^
  File "C:\Projects\Blind Bit\Bli
nd-Bit\venv\Lib\site-packages\dja
ngo\test\client.py", line 1092, 
in request
    
self.check_exception(response)
    
~~~~~~~~~~~~~~~~~~~~^^^^^^^^^^
  File "C:\Projects\Blind Bit\Bli
nd-Bit\venv\Lib\site-packages\dja
ngo\test\client.py", line 805, 
in check_exception
    raise exc_value
  File "C:\Projects\Blind Bit\Bli
nd-Bit\venv\Lib\site-packages\dja
ngo\core\handlers\exception.py", 
line 55, in inner
    response = 
get_response(request)
  File "C:\Projects\Blind Bit\Bli
nd-Bit\venv\Lib\site-packages\dja
ngo\utils\deprecation.py", line 
131, in __call__
    response = 
self.process_response(request, 
response)
  File "C:\Projects\Blind Bit\Bli
nd-Bit\venv\Lib\site-packages\dja
ngo\contrib\sessions\middleware.p
y", line 59, in process_response
    request.session.save()
    ~~~~~~~~~~~~~~~~~~~~^^
  File "C:\Projects\Blind Bit\Bli
nd-Bit\venv\Lib\site-packages\dja
ngo\contrib\sessions\backends\db.
py", line 123, in save
    obj = 
self.create_model_instance(data)
  File "C:\Projects\Blind Bit\Bli
nd-Bit\venv\Lib\site-packages\dja
ngo\contrib\sessions\backends\db.
py", line 102, in 
create_model_instance
    
session_data=self.encode(data),
                 
~~~~~~~~~~~^^^^^^
  File "C:\Projects\Blind Bit\Bli
nd-Bit\venv\Lib\site-packages\dja
ngo\contrib\sessions\backends\bas
e.py", line 124, in encode
    return signing.dumps(
           ~~~~~~~~~~~~~^
        session_dict,
        ^^^^^^^^^^^^^
    ...<2 lines>...
        compress=True,
        ^^^^^^^^^^^^^^
    )
    ^
  File "C:\Projects\Blind Bit\Bli
nd-Bit\venv\Lib\site-packages\dja
ngo\core\signing.py", line 150, 
in dumps
    return 
TimestampSigner(key=key, 
salt=salt).sign_object(
           ~~~~~~~~~~~~~~~~~~~~~~
~~~~~~~~~~~~~~~~~~~~~~~~~^
        obj, 
serializer=serializer, 
compress=compress
        ^^^^^^^^^^^^^^^^^^^^^^^^^
^^^^^^^^^^^^^^^^^^^^
    )
    ^
  File "C:\Projects\Blind Bit\Bli
nd-Bit\venv\Lib\site-packages\dja
ngo\core\signing.py", line 225, 
in sign_object
    data = 
serializer().dumps(obj)
  File "C:\Projects\Blind Bit\Bli
nd-Bit\venv\Lib\site-packages\dja
ngo\core\signing.py", line 125, 
in dumps
    return json.dumps(obj, 
separators=(",", 
":")).encode("latin-1")
           ~~~~~~~~~~^^^^^^^^^^^^
^^^^^^^^^^^^^^^^
  File "C:\Program Files\WindowsA
pps\PythonSoftwareFoundation.Pyth
on.3.13_3.13.3312.0_x64__qbz5n2kf
ra8p0\Lib\json\__init__.py", 
line 242, in dumps
    **kw).encode(obj)
          ~~~~~~^^^^^
  File "C:\Program Files\WindowsA
pps\PythonSoftwareFoundation.Pyth
on.3.13_3.13.3312.0_x64__qbz5n2kf
ra8p0\Lib\json\encoder.py", line 
202, in encode
    chunks = self.iterencode(o, 
_one_shot=True)
  File "C:\Program Files\WindowsA
pps\PythonSoftwareFoundation.Pyth
on.3.13_3.13.3312.0_x64__qbz5n2kf
ra8p0\Lib\json\encoder.py", line 
263, in iterencode
    return _iterencode(o, 0)
  File "C:\Program Files\WindowsA
pps\PythonSoftwareFoundation.Pyth
on.3.13_3.13.3312.0_x64__qbz5n2kf
ra8p0\Lib\json\encoder.py", line 
182, in default
    raise TypeError(f'Object of 
type {o.__class__.__name__} '
                    f'is not 
JSON serializable')
TypeError: Object of type bytes 
is not JSON serializable

---------------------------------
---------------------------------
----
Ran 1 test in 11.694s

FAILED (errors=1)
Destroying test database for 
alias 'default'...

